/home/fej/transbase/./dat/std.cat
/home/fej/transbase/./tbi
/home/fej/transbase/./tbdr
/home/fej/transbase/./util/pagesize.hlp
/home/fej/transbase/./util/edit.hlp
/home/fej/transbase/./util/insensi.hlp
/home/fej/transbase/./util/rompath.hlp
/home/fej/transbase/./util/datacach.hlp
/home/fej/transbase/./util/numbuser.hlp
/home/fej/transbase/./util/accteven.hlp
/home/fej/transbase/./util/diskok.hlp
/home/fej/transbase/./util/diskname.hlp
/home/fej/transbase/./util/physinit.hlp
/home/fej/transbase/./util/totrom.hlp
/home/fej/transbase/./util/scrapath.hlp
/home/fej/transbase/./util/mplxconf.hlp
/home/fej/transbase/./util/encrypt.hlp
/home/fej/transbase/./util/numbcd.hlp
/home/fej/transbase/./util/blobdedi.hlp
/home/fej/transbase/./util/diskext.hlp
/home/fej/transbase/./util/lockman.hlp
/home/fej/transbase/./util/segman.hlp
/home/fej/transbase/./util/fillfsm.hlp
/home/fej/transbase/./util/disksize.hlp
/home/fej/transbase/./util/format.hlp
/home/fej/transbase/./util/numbdisk.hlp
/home/fej/transbase/./util/dbname.hlp
/home/fej/transbase/./util/reledit.hlp
/home/fej/transbase/./util/bfimpath.hlp
/home/fej/transbase/./util/diskmove.hlp
/home/fej/transbase/./util/acctswit.hlp
/home/fej/transbase/./util/drecswit.hlp
/home/fej/transbase/./util/dbtype.hlp
/home/fej/transbase/./util/pathsok.hlp
/home/fej/transbase/./util/allokay.hlp
/home/fej/transbase/./util/acctpath.hlp
/home/fej/transbase/./util/drecpath.hlp
/home/fej/transbase/./util/drecsize.hlp
/home/fej/transbase/./util/sortcach.hlp
/home/fej/transbase/./util/dbpath.hlp
/home/fej/transbase/./tberror.h
/home/fej/transbase/./diskrec
/home/fej/transbase/./migra/tbtar1.sql
/home/fej/transbase/./migra/tbtar2.sql
/home/fej/transbase/./migra/systpr41.i1
/home/fej/transbase/./migra/mig55_1
/home/fej/transbase/./migra/mig55_2
/home/fej/transbase/./migra/mig55_3
/home/fej/transbase/./migra/mig61_1
/home/fej/transbase/./migra/mig412_1
/home/fej/transbase/./migra/mig412_2
/home/fej/transbase/./migra/mig412_3
/home/fej/transbase/./migra/mig2v512
/home/fej/transbase/./migra/migv4to5
/home/fej/transbase/./migra/catview4
/home/fej/transbase/./migra/syscol41.i1
/home/fej/transbase/./migra/systab41.i1
/home/fej/transbase/./mkapf
/home/fej/transbase/./tbarc
/home/fej/transbase/./tbjre/lib/tbjdbc.jar
/home/fej/transbase/./tbmux
/home/fej/transbase/./tbtar
/home/fej/transbase/./scripts/doinsens
/home/fej/transbase/./scripts/catview
/home/fej/transbase/./scripts/cinsens
/home/fej/transbase/./tbadmin
/home/fej/transbase/./tbcheck
/home/fej/transbase/./tbfid.h
/home/fej/transbase/./tbadmsdk.h
/home/fej/transbase/./mig33t41
/home/fej/transbase/./abs.sh
/home/fej/transbase/./optree/column.d1
/home/fej/transbase/./optree/column.i1
/home/fej/transbase/./optree/column.s1
/home/fej/transbase/./optree/surrogat.s1
/home/fej/transbase/./optree/constr.s1
/home/fej/transbase/./optree/table.d1
/home/fej/transbase/./optree/table.i1
/home/fej/transbase/./optree/table.s1
/home/fej/transbase/./optree/table.s2
/home/fej/transbase/./optree/domain.s1
/home/fej/transbase/./optree/loadinfo
/home/fej/transbase/./optree/user.i1
/home/fej/transbase/./optree/user.s1
/home/fej/transbase/./optree/user.u1
/home/fej/transbase/./optree/view.d1
/home/fej/transbase/./optree/view.i1
/home/fej/transbase/./optree/view.s1
/home/fej/transbase/./optree/view.s2
/home/fej/transbase/./optree/refconst.s1
/home/fej/transbase/./optree/refconst.s2
/home/fej/transbase/./optree/tblpriv.d1
/home/fej/transbase/./optree/tblpriv.d2
/home/fej/transbase/./optree/tblpriv.i1
/home/fej/transbase/./optree/tblpriv.s1
/home/fej/transbase/./optree/tblpriv.s2
/home/fej/transbase/./optree/tblpriv.u1
/home/fej/transbase/./optree/index.d1
/home/fej/transbase/./optree/index.d2
/home/fej/transbase/./optree/index.i1
/home/fej/transbase/./optree/index.s1
/home/fej/transbase/./optree/index.s2
/home/fej/transbase/./optree/colpriv.d1
/home/fej/transbase/./optree/colpriv.d2
/home/fej/transbase/./optree/colpriv.i1
/home/fej/transbase/./optree/colpriv.s1
/home/fej/transbase/./optree/colpriv.s2
/home/fej/transbase/./optree/viewdep.d1
/home/fej/transbase/./optree/viewdep.i1
/home/fej/transbase/./optree/viewdep.s1
/home/fej/transbase/./optree/blob.d1
/home/fej/transbase/./optree/blob.i1
/home/fej/transbase/./optree/blob.s1
/home/fej/transbase/./tbadmmsg
/home/fej/transbase/./tbdiff
/home/fej/transbase/./tbs.sh
/home/fej/transbase/./tbtape
/home/fej/transbase/./tbstop
/home/fej/transbase/./tbcheckx
/home/fej/transbase/./tbfsmrep
/home/fej/transbase/./tbkernel
/home/fej/transbase/./tbrecord
/home/fej/transbase/./tbserver
/home/fej/transbase/./tbstatis
/home/fej/transbase/./rc.tbjre
26468 blocks
